Seed 48: extinction at tick 14111
Seed 46: extinction at tick 12072
Seed 47: extinction at tick 10814
Seed 43: extinction at tick 13000
Seed 49: extinction at tick 9913
Seed 50: extinction at tick 29732
Seed 42: extinction at tick 12860
Seed 51: extinction at tick 17208
Seed 45: extinction at tick 14974
Seed 44: extinction at tick 15057
[ok] Seed 49 complete
[ok] Seed 42 complete
[ok] Seed 48 complete
[ok] Seed 46 complete
[ok] Seed 47 complete
[ok] Seed 43 complete
[ok] Seed 45 complete
[ok] Seed 44 complete
[ok] Seed 51 complete
[ok] Seed 50 complete
Wrote snapshots to outputs\phase5_evolution\block2_main_mut_off_plast_on\snapshots.csv
Wrote lifecycle rows to outputs\phase5_evolution\block2_main_mut_off_plast_on\mother_lifecycle.csv
Wrote lifecycle rows to outputs\phase5_evolution\block2_main_mut_off_plast_on\child_lifecycle.csv
Wrote summary to outputs\phase5_evolution\block2_main_mut_off_plast_on\summary.json
[ok] Sweep complete: 10 seeds
