Seed 48: extinction at tick 7002
Seed 44: extinction at tick 9059
Seed 46: extinction at tick 8822
Seed 49: extinction at tick 7439
Seed 47: extinction at tick 6866
Seed 51: extinction at tick 9131
Seed 43: extinction at tick 4161
Seed 50: extinction at tick 14178
Seed 45: extinction at tick 11287
Seed 42: extinction at tick 12226
[ok] Seed 43 complete
[ok] Seed 47 complete
[ok] Seed 48 complete
[ok] Seed 44 complete
[ok] Seed 49 complete
[ok] Seed 45 complete
[ok] Seed 46 complete
[ok] Seed 42 complete
[ok] Seed 50 complete
[ok] Seed 51 complete
Wrote snapshots to outputs\phase5_evolution\block2_main_mut_off_plast_off\snapshots.csv
Wrote lifecycle rows to outputs\phase5_evolution\block2_main_mut_off_plast_off\mother_lifecycle.csv
Wrote lifecycle rows to outputs\phase5_evolution\block2_main_mut_off_plast_off\child_lifecycle.csv
Wrote summary to outputs\phase5_evolution\block2_main_mut_off_plast_off\summary.json
[ok] Sweep complete: 10 seeds
