Seed 45: extinction at tick 12805
Seed 47: extinction at tick 11782
Seed 42: extinction at tick 11607
Seed 48: extinction at tick 12048
Seed 43: extinction at tick 11259
Seed 49: extinction at tick 11470
Seed 50: extinction at tick 11553
Seed 44: extinction at tick 11736
Seed 46: extinction at tick 12449
Seed 51: extinction at tick 12302
[ok] Seed 44 complete
[ok] Seed 45 complete
[ok] Seed 42 complete
[ok] Seed 43 complete
[ok] Seed 49 complete
[ok] Seed 46 complete
[ok] Seed 47 complete
[ok] Seed 48 complete
[ok] Seed 50 complete
[ok] Seed 51 complete
Wrote snapshots to outputs\phase5_evolution\block3_shannon05_mut_on_plast_off\snapshots.csv
Wrote lifecycle rows to outputs\phase5_evolution\block3_shannon05_mut_on_plast_off\mother_lifecycle.csv
Wrote lifecycle rows to outputs\phase5_evolution\block3_shannon05_mut_on_plast_off\child_lifecycle.csv
Wrote summary to outputs\phase5_evolution\block3_shannon05_mut_on_plast_off\summary.json
[ok] Sweep complete: 10 seeds
